src/app/auth/register/page.tsx(140,34): error TS2304: Cannot find name 'ChevronLeft'.
src/app/dashboard/layout.tsx(5,21): error TS2307: Cannot find module '@/components/layout/Sidebar' or its corresponding type declarations.
src/app/dashboard/recruiter/page.tsx(125,38): error TS2552: Cannot find name 'ExternalLink'. Did you mean 'External'?
src/app/resume/page.tsx(68,49): error TS18047: 'user' is possibly 'null'.
